[{"stream_name":"stdout","time":0.707354298,"data":"[install] da3: depth-anything-3 addict\n"}
,{"stream_name":"stdout","time":41.060433558,"data":"opencv-contrib-python 4.13.0.92 requires numpy\u003e=2; python_version \u003e= \"3.9\", but you have numpy 1.26.4 which is incompatible.\n"}
,{"stream_name":"stdout","time":41.060486039,"data":"shap 0.51.0 requires numpy\u003e=2, but you have numpy 1.26.4 which is incompatible.\n"}
,{"stream_name":"stdout","time":45.455674658,"data":"[11:14:34] torch 2.10.0+cu128 cuda True\n"}
,{"stream_name":"stdout","time":45.497425918,"data":"[11:14:34] gpu: Tesla T4\n"}
,{"stream_name":"stdout","time":45.503199577,"data":"[11:14:34] input root: /kaggle/input/datasets/gk1212/lucy-m2-views\n"}
,{"stream_name":"stdout","time":45.523462662,"data":"[11:14:34] views (14): ['01_front', '02_right', '03_back', '04_left', '05_top', '06_bottom', '07_az45_up', '08_az135_up', '09_az225_up', '10_az315_up', '11_az45_dn', '12_az135_dn', '13_az225_dn', '14_az315_dn']\n"}
,{"stream_name":"stdout","time":45.583181354,"data":"[11:14:34] reference resolution 2048\n"}
,{"stream_name":"stdout","time":45.583204944,"data":"[11:14:34] -- skipping moge2\n"}
,{"stream_name":"stdout","time":45.583211288,"data":"[11:14:34] -- skipping vggt\n"}
,{"stream_name":"stderr","time":46.929977234,"data":"/usr/local/lib/python3.12/dist-packages/moviepy/config_defaults.py:47: SyntaxWarning: invalid escape sequence '\\P'\n"}
,{"stream_name":"stderr","time":46.930024546,"data":"  IMAGEMAGICK_BINARY = r\"C:\\Program Files\\ImageMagick-6.8.8-Q16\\magick.exe\"\n"}
,{"stream_name":"stderr","time":47.033264743,"data":"/usr/local/lib/python3.12/dist-packages/moviepy/video/io/ffmpeg_reader.py:294: SyntaxWarning: invalid escape sequence '\\d'\n"}
,{"stream_name":"stderr","time":47.033312556,"data":"  lines_video = [l for l in lines if ' Video: ' in l and re.search('\\d+x\\d+', l)]\n"}
,{"stream_name":"stderr","time":47.033503781,"data":"/usr/local/lib/python3.12/dist-packages/moviepy/video/io/ffmpeg_reader.py:367: SyntaxWarning: invalid escape sequence '\\d'\n"}
,{"stream_name":"stderr","time":47.033513844,"data":"  rotation_lines = [l for l in lines if 'rotate          :' in l and re.search('\\d+$', l)]\n"}
,{"stream_name":"stderr","time":47.033518983,"data":"/usr/local/lib/python3.12/dist-packages/moviepy/video/io/ffmpeg_reader.py:370: SyntaxWarning: invalid escape sequence '\\d'\n"}
,{"stream_name":"stderr","time":47.033523886,"data":"  match = re.search('\\d+$', rotation_line)\n"}
,{"stream_name":"stderr","time":49.423895572,"data":"error: XDG_RUNTIME_DIR not set in the environment.\n"}
,{"stream_name":"stderr","time":49.47442508,"data":"ALSA lib confmisc.c:855:(parse_card) cannot find card '0'\n"}
,{"stream_name":"stderr","time":49.474557821,"data":"ALSA lib conf.c:5178:(_snd_config_evaluate) function snd_func_card_inum returned error: No such file or directory\n"}
,{"stream_name":"stderr","time":49.474600045,"data":"ALSA lib confmisc.c:422:(snd_func_concat) error evaluating strings\n"}
,{"stream_name":"stderr","time":49.474608542,"data":"ALSA lib conf.c:5178:(_snd_config_evaluate) function snd_func_concat returned error: No such file or directory\n"}
,{"stream_name":"stderr","time":49.474613389,"data":"ALSA lib confmisc.c:1334:(snd_func_refer) error evaluating name\n"}
,{"stream_name":"stderr","time":49.474631722,"data":"ALSA lib conf.c:5178:(_snd_config_evaluate) function snd_func_refer returned error: No such file or directory\n"}
,{"stream_name":"stderr","time":49.474636315,"data":"ALSA lib conf.c:5701:(snd_config_expand) Evaluate error: No such file or directory\n"}
,{"stream_name":"stderr","time":49.4746407,"data":"ALSA lib pcm.c:2664:(snd_pcm_open_noupdate) Unknown PCM default\n"}
,{"stream_name":"stderr","time":49.581262161,"data":"ALSA lib confmisc.c:855:(parse_card) cannot find card '0'\n"}
,{"stream_name":"stderr","time":49.581277611,"data":"ALSA lib conf.c:5178:(_snd_config_evaluate) function snd_func_card_inum returned error: No such file or directory\n"}
,{"stream_name":"stderr","time":49.581280961,"data":"ALSA lib confmisc.c:422:(snd_func_concat) error evaluating strings\n"}
,{"stream_name":"stderr","time":49.581283323,"data":"ALSA lib conf.c:5178:(_snd_config_evaluate) function snd_func_concat returned error: No such file or directory\n"}
,{"stream_name":"stderr","time":49.581285856,"data":"ALSA lib confmisc.c:1334:(snd_func_refer) error evaluating name\n"}
,{"stream_name":"stderr","time":49.581288168,"data":"ALSA lib conf.c:5178:(_snd_config_evaluate) function snd_func_refer returned error: No such file or directory\n"}
,{"stream_name":"stderr","time":49.58129051,"data":"ALSA lib conf.c:5701:(snd_config_expand) Evaluate error: No such file or directory\n"}
,{"stream_name":"stderr","time":49.581292786,"data":"ALSA lib pcm.c:2664:(snd_pcm_open_noupdate) Unknown PCM default\n"}
,{"stream_name":"stdout","time":49.776860243,"data":"\u001b[93m[WARN ] Dependency `gsplat` is required for rendering 3DGS. Install via: pip install git+https://github.com/nerfstudio-project/gsplat.git@0b4dddf04cb687367602c01196913cde6a743d70\u001b[0m\n"}
,{"stream_name":"stdout","time":56.528682182,"data":"[11:14:45] == depth-anything/DA3-LARGE  14 views  (rung 0)\n"}
,{"stream_name":"stderr","time":56.785383922,"data":"Warning: You are sending unauthenticated requests to the HF Hub. Please set a HF_TOKEN to enable higher rate limits and faster downloads.\n"}
,{"stream_name":"stdout","time":56.966772642,"data":"\u001b[97m[INFO ] using MLP layer as FFN\u001b[0m\n"}
,{"stream_name":"stdout","time":73.953538169,"data":"\u001b[97m[INFO ] Processed Images Done taking 0.4576098918914795 seconds. Shape:  torch.Size([14, 3, 504, 504])\u001b[0m\n"}
,{"stream_name":"stdout","time":74.732541584,"data":"\u001b[97m[INFO ] Selecting reference view using strategy: saddle_balanced\u001b[0m\n"}
,{"stream_name":"stdout","time":77.585548826,"data":"[11:15:06]    OOM on rung 0: CUDA out of memory. Tried to allocate 19.65 GiB. GPU 0 has a total capacity of 14.56 GiB of which 11.77 GiB is\n"}
,{"stream_name":"stdout","time":77.818229517,"data":"[11:15:06]    after releasing rung: 1.96 GiB held\n"}
,{"stream_name":"stdout","time":77.822678232,"data":"[11:15:06] == depth-anything/DA3-BASE  14 views  (rung 1)\n"}
,{"stream_name":"stdout","time":78.08008987,"data":"\u001b[97m[INFO ] using MLP layer as FFN\u001b[0m\n"}
,{"stream_name":"stdout","time":87.167896073,"data":"\u001b[97m[INFO ] Processed Images Done taking 0.27131223678588867 seconds. Shape:  torch.Size([14, 3, 504, 504])\u001b[0m\n"}
,{"stream_name":"stdout","time":87.235458603,"data":"\u001b[97m[INFO ] Selecting reference view using strategy: saddle_balanced\u001b[0m\n"}
,{"stream_name":"stdout","time":88.464566924,"data":"[11:15:17]    OOM on rung 1: CUDA out of memory. Tried to allocate 14.74 GiB. GPU 0 has a total capacity of 14.56 GiB of which 13.16 GiB is\n"}
,{"stream_name":"stdout","time":88.662939878,"data":"[11:15:17]    after releasing rung: 0.84 GiB held\n"}
,{"stream_name":"stdout","time":88.664371225,"data":"[11:15:17] == depth-anything/DA3-BASE  10 views  (rung 2)\n"}
,{"stream_name":"stdout","time":88.901895285,"data":"\u001b[97m[INFO ] using MLP layer as FFN\u001b[0m\n"}
,{"stream_name":"stdout","time":91.329036224,"data":"\u001b[97m[INFO ] Processed Images Done taking 0.20893287658691406 seconds. Shape:  torch.Size([10, 3, 504, 504])\u001b[0m\n"}
,{"stream_name":"stdout","time":91.38619761,"data":"\u001b[97m[INFO ] Selecting reference view using strategy: saddle_balanced\u001b[0m\n"}
,{"stream_name":"stdout","time":92.263418952,"data":"[11:15:21]    OOM on rung 2: CUDA out of memory. Tried to allocate 7.52 GiB. GPU 0 has a total capacity of 14.56 GiB of which 5.89 GiB is f\n"}
,{"stream_name":"stdout","time":92.668552734,"data":"[11:15:21]    after releasing rung: 0.75 GiB held\n"}
,{"stream_name":"stdout","time":92.670105039,"data":"[11:15:21] == depth-anything/DA3-BASE  8 views  (rung 3)\n"}
,{"stream_name":"stdout","time":92.886393157,"data":"\u001b[97m[INFO ] using MLP layer as FFN\u001b[0m\n"}
,{"stream_name":"stdout","time":94.899383356,"data":"\u001b[97m[INFO ] Processed Images Done taking 0.1612694263458252 seconds. Shape:  torch.Size([8, 3, 504, 504])\u001b[0m\n"}
,{"stream_name":"stdout","time":94.946537883,"data":"\u001b[97m[INFO ] Selecting reference view using strategy: saddle_balanced\u001b[0m\n"}
,{"stream_name":"stdout","time":97.688138785,"data":"\u001b[97m[INFO ] Model Forward Pass Done. Time: 2.782818555831909 seconds\u001b[0m\n"}
,{"stream_name":"stdout","time":97.692290402,"data":"\u001b[97m[INFO ] Conversion to Prediction Done. Time: 0.004172325134277344 seconds\u001b[0m\n"}
,{"stream_name":"stdout","time":97.737051924,"data":"[11:15:26]    prediction fields: ['aux', 'conf', 'depth', 'extrinsics', 'gaussians', 'intrinsics', 'is_metric', 'processed_images', 'scale_factor', 'sky']\n"}
,{"stream_name":"stdout","time":98.066225051,"data":"[11:15:26]    saved extrinsics (8, 3, 4)\n"}
,{"stream_name":"stdout","time":98.066256172,"data":"[11:15:26]    saved intrinsics (8, 3, 3)\n"}
,{"stream_name":"stdout","time":98.072374004,"data":"[11:15:26]    saved conf (8, 504, 504)\n"}
,{"stream_name":"stdout","time":98.59011853,"data":"[11:15:27]    after da3: 0.01 GiB held\n"}
,{"stream_name":"stdout","time":98.590459543,"data":"[11:15:27] done: ['da3_large_depth'] | failed: []\n"}
,{"stream_name":"stderr","time":103.077874884,"data":"/usr/local/lib/python3.12/dist-packages/mistune.py:435: SyntaxWarning: invalid escape sequence '\\|'\n"}
,{"stream_name":"stderr","time":103.077908017,"data":"  cells[i][c] = re.sub('\\\\\\\\\\|', '|', cell)\n"}
,{"stream_name":"stderr","time":103.300168589,"data":"/usr/local/lib/python3.12/dist-packages/nbconvert/filters/filter_links.py:36: SyntaxWarning: invalid escape sequence '\\_'\n"}
,{"stream_name":"stderr","time":103.300195374,"data":"  text = re.sub(r'_', '\\_', text) # Escape underscores in display text\n"}
,{"stream_name":"stderr","time":103.973994791,"data":"[NbConvertApp] Converting notebook __script__.ipynb to html\n"}
,{"stream_name":"stderr","time":104.786312228,"data":"[NbConvertApp] Writing 338608 bytes to __results__.html\n"}
]