[{"stream_name":"stdout","time":0.831152985,"data":"[install] da3: depth-anything-3 addict\n"}
,{"stream_name":"stdout","time":35.551269969,"data":"opencv-contrib-python 4.13.0.92 requires numpy\u003e=2; python_version \u003e= \"3.9\", but you have numpy 1.26.4 which is incompatible.\n"}
,{"stream_name":"stdout","time":35.551322721,"data":"shap 0.51.0 requires numpy\u003e=2, but you have numpy 1.26.4 which is incompatible.\n"}
,{"stream_name":"stdout","time":41.195811873,"data":"[11:11:05] torch 2.10.0+cu128 cuda True\n"}
,{"stream_name":"stdout","time":41.238838783,"data":"[11:11:05] gpu: Tesla T4\n"}
,{"stream_name":"stdout","time":41.247300997,"data":"[11:11:05] input root: /kaggle/input/datasets/gk1212/lucy-m2-views\n"}
,{"stream_name":"stdout","time":41.296017034,"data":"[11:11:05] views (14): ['01_front', '02_right', '03_back', '04_left', '05_top', '06_bottom', '07_az45_up', '08_az135_up', '09_az225_up', '10_az315_up', '11_az45_dn', '12_az135_dn', '13_az225_dn', '14_az315_dn']\n"}
,{"stream_name":"stdout","time":41.355183061,"data":"[11:11:05] reference resolution 2048\n"}
,{"stream_name":"stdout","time":41.355209522,"data":"[11:11:05] -- skipping moge2\n"}
,{"stream_name":"stdout","time":41.355216317,"data":"[11:11:05] -- skipping vggt\n"}
,{"stream_name":"stderr","time":42.560165276,"data":"/usr/local/lib/python3.12/dist-packages/moviepy/config_defaults.py:47: SyntaxWarning: invalid escape sequence '\\P'\n"}
,{"stream_name":"stderr","time":42.560235238,"data":"  IMAGEMAGICK_BINARY = r\"C:\\Program Files\\ImageMagick-6.8.8-Q16\\magick.exe\"\n"}
,{"stream_name":"stderr","time":42.676970204,"data":"/usr/local/lib/python3.12/dist-packages/moviepy/video/io/ffmpeg_reader.py:294: SyntaxWarning: invalid escape sequence '\\d'\n"}
,{"stream_name":"stderr","time":42.67699228,"data":"  lines_video = [l for l in lines if ' Video: ' in l and re.search('\\d+x\\d+', l)]\n"}
,{"stream_name":"stderr","time":42.677330348,"data":"/usr/local/lib/python3.12/dist-packages/moviepy/video/io/ffmpeg_reader.py:367: SyntaxWarning: invalid escape sequence '\\d'\n"}
,{"stream_name":"stderr","time":42.677342625,"data":"  rotation_lines = [l for l in lines if 'rotate          :' in l and re.search('\\d+$', l)]\n"}
,{"stream_name":"stderr","time":42.67734832,"data":"/usr/local/lib/python3.12/dist-packages/moviepy/video/io/ffmpeg_reader.py:370: SyntaxWarning: invalid escape sequence '\\d'\n"}
,{"stream_name":"stderr","time":42.677353436,"data":"  match = re.search('\\d+$', rotation_line)\n"}
,{"stream_name":"stderr","time":45.287408422,"data":"error: XDG_RUNTIME_DIR not set in the environment.\n"}
,{"stream_name":"stderr","time":45.349300621,"data":"ALSA lib confmisc.c:855:(parse_card) cannot find card '0'\n"}
,{"stream_name":"stderr","time":45.349730249,"data":"ALSA lib conf.c:5178:(_snd_config_evaluate) function snd_func_card_inum returned error: No such file or directory\n"}
,{"stream_name":"stderr","time":45.349742639,"data":"ALSA lib confmisc.c:422:(snd_func_concat) error evaluating strings\n"}
,{"stream_name":"stderr","time":45.349747827,"data":"ALSA lib conf.c:5178:(_snd_config_evaluate) function snd_func_concat returned error: No such file or directory\n"}
,{"stream_name":"stderr","time":45.349752835,"data":"ALSA lib confmisc.c:1334:(snd_func_refer) error evaluating name\n"}
,{"stream_name":"stderr","time":45.349757811,"data":"ALSA lib conf.c:5178:(_snd_config_evaluate) function snd_func_refer returned error: No such file or directory\n"}
,{"stream_name":"stderr","time":45.349764559,"data":"ALSA lib conf.c:5701:(snd_config_expand) Evaluate error: No such file or directory\n"}
,{"stream_name":"stderr","time":45.349771205,"data":"ALSA lib pcm.c:2664:(snd_pcm_open_noupdate) Unknown PCM default\n"}
,{"stream_name":"stderr","time":45.458960994,"data":"ALSA lib confmisc.c:855:(parse_card) cannot find card '0'\n"}
,{"stream_name":"stderr","time":45.459020764,"data":"ALSA lib conf.c:5178:(_snd_config_evaluate) function snd_func_card_inum returned error: No such file or directory\n"}
,{"stream_name":"stderr","time":45.459027955,"data":"ALSA lib confmisc.c:422:(snd_func_concat) error evaluating strings\n"}
,{"stream_name":"stderr","time":45.459033396,"data":"ALSA lib conf.c:5178:(_snd_config_evaluate) function snd_func_concat returned error: No such file or directory\n"}
,{"stream_name":"stderr","time":45.459037807,"data":"ALSA lib confmisc.c:1334:(snd_func_refer) error evaluating name\n"}
,{"stream_name":"stderr","time":45.459042254,"data":"ALSA lib conf.c:5178:(_snd_config_evaluate) function snd_func_refer returned error: No such file or directory\n"}
,{"stream_name":"stderr","time":45.459046569,"data":"ALSA lib conf.c:5701:(snd_config_expand) Evaluate error: No such file or directory\n"}
,{"stream_name":"stderr","time":45.459052779,"data":"ALSA lib pcm.c:2664:(snd_pcm_open_noupdate) Unknown PCM default\n"}
,{"stream_name":"stdout","time":45.671134233,"data":"\u001b[93m[WARN ] Dependency `gsplat` is required for rendering 3DGS. Install via: pip install git+https://github.com/nerfstudio-project/gsplat.git@0b4dddf04cb687367602c01196913cde6a743d70\u001b[0m\n"}
,{"stream_name":"stdout","time":53.312838798,"data":"[11:11:17] == depth-anything/DA3-LARGE  14 views  (rung 0)\n"}
,{"stream_name":"stderr","time":53.621222165,"data":"Warning: You are sending unauthenticated requests to the HF Hub. Please set a HF_TOKEN to enable higher rate limits and faster downloads.\n"}
,{"stream_name":"stdout","time":53.823853859,"data":"\u001b[97m[INFO ] using MLP layer as FFN\u001b[0m\n"}
,{"stream_name":"stdout","time":68.440314922,"data":"\u001b[97m[INFO ] Processed Images Done taking 0.4007701873779297 seconds. Shape:  torch.Size([14, 3, 504, 504])\u001b[0m\n"}
,{"stream_name":"stdout","time":69.043862501,"data":"\u001b[97m[INFO ] Selecting reference view using strategy: saddle_balanced\u001b[0m\n"}
,{"stream_name":"stdout","time":72.051053885,"data":"[11:11:36]    OOM on rung 0: CUDA out of memory. Tried to allocate 19.65 GiB. GPU 0 has a total capacity of 14.56 GiB of which 11.77 GiB is free. Inc\n"}
,{"stream_name":"stdout","time":72.085371115,"data":"[11:11:36] == depth-anything/DA3-BASE  14 views  (rung 1)\n"}
,{"stream_name":"stdout","time":72.406573806,"data":"\u001b[97m[INFO ] using MLP layer as FFN\u001b[0m\n"}
,{"stream_name":"stdout","time":79.832654919,"data":"\u001b[97m[INFO ] Processed Images Done taking 0.31265807151794434 seconds. Shape:  torch.Size([14, 3, 504, 504])\u001b[0m\n"}
,{"stream_name":"stdout","time":79.909587066,"data":"\u001b[97m[INFO ] Selecting reference view using strategy: saddle_balanced\u001b[0m\n"}
,{"stream_name":"stdout","time":81.043662044,"data":"[11:11:45]    OOM on rung 1: CUDA out of memory. Tried to allocate 14.74 GiB. GPU 0 has a total capacity of 14.56 GiB of which 11.24 GiB is free. Inc\n"}
,{"stream_name":"stdout","time":81.174600384,"data":"[11:11:45] == depth-anything/DA3-BASE  10 views  (rung 2)\n"}
,{"stream_name":"stdout","time":81.461300096,"data":"\u001b[97m[INFO ] using MLP layer as FFN\u001b[0m\n"}
,{"stream_name":"stdout","time":84.06942072,"data":"\u001b[97m[INFO ] Processed Images Done taking 0.23129796981811523 seconds. Shape:  torch.Size([10, 3, 504, 504])\u001b[0m\n"}
,{"stream_name":"stdout","time":84.132397694,"data":"\u001b[97m[INFO ] Selecting reference view using strategy: saddle_balanced\u001b[0m\n"}
,{"stream_name":"stdout","time":84.95846637,"data":"[11:11:49]    OOM on rung 2: CUDA out of memory. Tried to allocate 7.52 GiB. GPU 0 has a total capacity of 14.56 GiB of which 5.04 GiB is free. Inclu\n"}
,{"stream_name":"stdout","time":85.294597076,"data":"[11:11:49] !! da3 FAILED\n"}
,{"stream_name":"stderr","time":85.294649992,"data":"Traceback (most recent call last):\n"}
,{"stream_name":"stderr","time":85.294862412,"data":"  File \"/kaggle/src/script.py\", line 274, in main\n"}
,{"stream_name":"stderr","time":85.294879571,"data":"    fn()\n"}
,{"stream_name":"stderr","time":85.29488509,"data":"  File \"/kaggle/src/script.py\", line 268, in \u003clambda\u003e\n"}
,{"stream_name":"stderr","time":85.294891295,"data":"    (\"da3\", lambda: run_da3(paths, size, device)))\n"}
,{"stream_name":"stderr","time":85.294896765,"data":"                    ^^^^^^^^^^^^^^^^^^^^^^^^^^^^\n"}
,{"stream_name":"stderr","time":85.294901795,"data":"  File \"/kaggle/src/script.py\", line 224, in run_da3\n"}
,{"stream_name":"stderr","time":85.294906847,"data":"    raise RuntimeError(f\"every rung ran out of memory; last: {last}\")\n"}
,{"stream_name":"stderr","time":85.294916469,"data":"RuntimeError: every rung ran out of memory; last: CUDA out of memory. Tried to allocate 7.52 GiB. GPU 0 has a total capacity of 14.56 GiB of which 5.04 GiB is free. Including non-PyTorch memory, this process has 9.52 GiB memory in use. Of the allocated memory 9.35 GiB is allocated by PyTorch, and 41.31 MiB is reserved by PyTorch but unallocated. If reserved but unallocated memory is large try setting PYTORCH_ALLOC_CONF=expandable_segments:True to avoid fragmentation.  See documentation for Memory Management  (https://pytorch.org/docs/stable/notes/cuda.html#environment-variables)\n"}
,{"stream_name":"stdout","time":85.29522377,"data":"[11:11:49] done: [] | failed: ['da3']\n"}
,{"stream_name":"stderr","time":90.175564287,"data":"/usr/local/lib/python3.12/dist-packages/mistune.py:435: SyntaxWarning: invalid escape sequence '\\|'\n"}
,{"stream_name":"stderr","time":90.175678144,"data":"  cells[i][c] = re.sub('\\\\\\\\\\|', '|', cell)\n"}
,{"stream_name":"stderr","time":90.422259334,"data":"/usr/local/lib/python3.12/dist-packages/nbconvert/filters/filter_links.py:36: SyntaxWarning: invalid escape sequence '\\_'\n"}
,{"stream_name":"stderr","time":90.422290712,"data":"  text = re.sub(r'_', '\\_', text) # Escape underscores in display text\n"}
,{"stream_name":"stderr","time":91.127713174,"data":"[NbConvertApp] Converting notebook __script__.ipynb to html\n"}
,{"stream_name":"stderr","time":92.018008238,"data":"[NbConvertApp] Writing 335186 bytes to __results__.html\n"}
]