[{"stream_name":"stdout","time":0.787051426,"data":"[install] da3: depth-anything-3 addict\n"}
,{"stream_name":"stdout","time":34.183532405,"data":"opencv-contrib-python 4.13.0.92 requires numpy\u003e=2; python_version \u003e= \"3.9\", but you have numpy 1.26.4 which is incompatible.\n"}
,{"stream_name":"stdout","time":34.1835782,"data":"shap 0.51.0 requires numpy\u003e=2, but you have numpy 1.26.4 which is incompatible.\n"}
,{"stream_name":"stdout","time":39.611569102,"data":"[10:38:02] torch 2.10.0+cu128 cuda True\n"}
,{"stream_name":"stdout","time":39.656763058,"data":"[10:38:03] gpu: Tesla T4\n"}
,{"stream_name":"stdout","time":39.664158362,"data":"[10:38:03] input root: /kaggle/input/datasets/gk1212/lucy-m2-views\n"}
,{"stream_name":"stdout","time":39.79782806,"data":"[10:38:03] reference resolution 2048\n"}
,{"stream_name":"stdout","time":39.797872531,"data":"[10:38:03] -- skipping moge2\n"}
,{"stream_name":"stdout","time":39.797879188,"data":"[10:38:03] -- skipping vggt\n"}
,{"stream_name":"stdout","time":39.798202633,"data":"[10:38:03] == depth-anything/DA3-LARGE (multi-view)  package exposes: []\n"}
,{"stream_name":"stderr","time":41.242412133,"data":"/usr/local/lib/python3.12/dist-packages/moviepy/config_defaults.py:47: SyntaxWarning: invalid escape sequence '\\P'\n"}
,{"stream_name":"stderr","time":41.242457818,"data":"  IMAGEMAGICK_BINARY = r\"C:\\Program Files\\ImageMagick-6.8.8-Q16\\magick.exe\"\n"}
,{"stream_name":"stderr","time":41.36498339,"data":"/usr/local/lib/python3.12/dist-packages/moviepy/video/io/ffmpeg_reader.py:294: SyntaxWarning: invalid escape sequence '\\d'\n"}
,{"stream_name":"stderr","time":41.36502363,"data":"  lines_video = [l for l in lines if ' Video: ' in l and re.search('\\d+x\\d+', l)]\n"}
,{"stream_name":"stderr","time":41.365286005,"data":"/usr/local/lib/python3.12/dist-packages/moviepy/video/io/ffmpeg_reader.py:367: SyntaxWarning: invalid escape sequence '\\d'\n"}
,{"stream_name":"stderr","time":41.365297361,"data":"  rotation_lines = [l for l in lines if 'rotate          :' in l and re.search('\\d+$', l)]\n"}
,{"stream_name":"stderr","time":41.365311123,"data":"/usr/local/lib/python3.12/dist-packages/moviepy/video/io/ffmpeg_reader.py:370: SyntaxWarning: invalid escape sequence '\\d'\n"}
,{"stream_name":"stderr","time":41.365316605,"data":"  match = re.search('\\d+$', rotation_line)\n"}
,{"stream_name":"stderr","time":44.076459757,"data":"error: XDG_RUNTIME_DIR not set in the environment.\n"}
,{"stream_name":"stderr","time":44.149430882,"data":"ALSA lib confmisc.c:855:(parse_card) cannot find card '0'\n"}
,{"stream_name":"stderr","time":44.14988828,"data":"ALSA lib conf.c:5178:(_snd_config_evaluate) function snd_func_card_inum returned error: No such file or directory\n"}
,{"stream_name":"stderr","time":44.149903716,"data":"ALSA lib confmisc.c:422:(snd_func_concat) error evaluating strings\n"}
,{"stream_name":"stderr","time":44.149909095,"data":"ALSA lib conf.c:5178:(_snd_config_evaluate) function snd_func_concat returned error: No such file or directory\n"}
,{"stream_name":"stderr","time":44.149914341,"data":"ALSA lib confmisc.c:1334:(snd_func_refer) error evaluating name\n"}
,{"stream_name":"stderr","time":44.149919248,"data":"ALSA lib conf.c:5178:(_snd_config_evaluate) function snd_func_refer returned error: No such file or directory\n"}
,{"stream_name":"stderr","time":44.149924134,"data":"ALSA lib conf.c:5701:(snd_config_expand) Evaluate error: No such file or directory\n"}
,{"stream_name":"stderr","time":44.149928917,"data":"ALSA lib pcm.c:2664:(snd_pcm_open_noupdate) Unknown PCM default\n"}
,{"stream_name":"stderr","time":44.25798941,"data":"ALSA lib confmisc.c:855:(parse_card) cannot find card '0'\n"}
,{"stream_name":"stderr","time":44.258019844,"data":"ALSA lib conf.c:5178:(_snd_config_evaluate) function snd_func_card_inum returned error: No such file or directory\n"}
,{"stream_name":"stderr","time":44.258041177,"data":"ALSA lib confmisc.c:422:(snd_func_concat) error evaluating strings\n"}
,{"stream_name":"stderr","time":44.258044939,"data":"ALSA lib conf.c:5178:(_snd_config_evaluate) function snd_func_concat returned error: No such file or directory\n"}
,{"stream_name":"stderr","time":44.258047826,"data":"ALSA lib confmisc.c:1334:(snd_func_refer) error evaluating name\n"}
,{"stream_name":"stderr","time":44.258050646,"data":"ALSA lib conf.c:5178:(_snd_config_evaluate) function snd_func_refer returned error: No such file or directory\n"}
,{"stream_name":"stderr","time":44.258053464,"data":"ALSA lib conf.c:5701:(snd_config_expand) Evaluate error: No such file or directory\n"}
,{"stream_name":"stderr","time":44.258056201,"data":"ALSA lib pcm.c:2664:(snd_pcm_open_noupdate) Unknown PCM default\n"}
,{"stream_name":"stdout","time":44.479239494,"data":"\u001b[93m[WARN ] Dependency `gsplat` is required for rendering 3DGS. Install via: pip install git+https://github.com/nerfstudio-project/gsplat.git@0b4dddf04cb687367602c01196913cde6a743d70\u001b[0m\n"}
,{"stream_name":"stdout","time":52.641346034,"data":"\u001b[97m[INFO ] using MLP layer as FFN\u001b[0m\n"}
,{"stream_name":"stdout","time":65.224078315,"data":"\u001b[97m[INFO ] Processed Images Done taking 0.20520424842834473 seconds. Shape:  torch.Size([6, 3, 504, 504])\u001b[0m\n"}
,{"stream_name":"stdout","time":65.963010961,"data":"\u001b[97m[INFO ] Selecting reference view using strategy: saddle_balanced\u001b[0m\n"}
,{"stream_name":"stdout","time":72.201402704,"data":"\u001b[97m[INFO ] Model Forward Pass Done. Time: 6.970094919204712 seconds\u001b[0m\n"}
,{"stream_name":"stdout","time":72.213026467,"data":"\u001b[97m[INFO ] Conversion to Prediction Done. Time: 0.011491775512695312 seconds\u001b[0m\n"}
,{"stream_name":"stdout","time":72.270503975,"data":"[10:38:35]    prediction fields: ['aux', 'conf', 'depth', 'extrinsics', 'gaussians', 'intrinsics', 'is_metric', 'processed_images', 'scale_factor', 'sky']\n"}
,{"stream_name":"stdout","time":72.54966762,"data":"[10:38:35]    saved extrinsics (6, 3, 4)\n"}
,{"stream_name":"stdout","time":72.549718362,"data":"[10:38:35]    saved intrinsics (6, 3, 3)\n"}
,{"stream_name":"stdout","time":72.554318314,"data":"[10:38:35]    saved conf (6, 504, 504)\n"}
,{"stream_name":"stdout","time":72.634267354,"data":"[10:38:36] done: ['da3_large_depth'] | failed: []\n"}
,{"stream_name":"stderr","time":77.495076372,"data":"/usr/local/lib/python3.12/dist-packages/mistune.py:435: SyntaxWarning: invalid escape sequence '\\|'\n"}
,{"stream_name":"stderr","time":77.495112297,"data":"  cells[i][c] = re.sub('\\\\\\\\\\|', '|', cell)\n"}
,{"stream_name":"stderr","time":77.75076514,"data":"/usr/local/lib/python3.12/dist-packages/nbconvert/filters/filter_links.py:36: SyntaxWarning: invalid escape sequence '\\_'\n"}
,{"stream_name":"stderr","time":77.750811029,"data":"  text = re.sub(r'_', '\\_', text) # Escape underscores in display text\n"}
,{"stream_name":"stderr","time":79.728330658,"data":"[NbConvertApp] Converting notebook __script__.ipynb to html\n"}
,{"stream_name":"stderr","time":80.66231552,"data":"[NbConvertApp] Writing 328908 bytes to __results__.html\n"}
]