[{"stream_name":"stdout","time":28.61511363,"data":"ERROR: pip's dependency resolver does not currently take into account all the packages that are installed. This behaviour is the source of the following dependency conflicts.\n"}
,{"stream_name":"stdout","time":28.615190185,"data":"google-adk 1.29.0 requires google-cloud-bigquery-storage\u003e=2.0.0, which is not installed.\n"}
,{"stream_name":"stdout","time":33.509054136,"data":"[10:02:10] torch 2.10.0+cu128 cuda True\n"}
,{"stream_name":"stdout","time":33.552668131,"data":"[10:02:10] gpu: Tesla T4\n"}
,{"stream_name":"stdout","time":33.560607224,"data":"[10:02:10] input root: /kaggle/input/datasets/gk1212/lucy-m2-views  contains ['cameras.json', 'mask', 'rgb']\n"}
,{"stream_name":"stdout","time":33.560664006,"data":"[10:02:10]   rgb/ found as a directory\n"}
,{"stream_name":"stdout","time":33.560690468,"data":"[10:02:10]   mask/ found as a directory\n"}
,{"stream_name":"stdout","time":33.750178102,"data":"[10:02:10] loaded 01_front (2048, 2048)\n"}
,{"stream_name":"stdout","time":33.879090359,"data":"[10:02:10] loaded 02_right (2048, 2048)\n"}
,{"stream_name":"stdout","time":34.008982159,"data":"[10:02:10] loaded 03_back (2048, 2048)\n"}
,{"stream_name":"stdout","time":34.124018814,"data":"[10:02:10] loaded 04_left (2048, 2048)\n"}
,{"stream_name":"stdout","time":34.236930626,"data":"[10:02:10] loaded 05_top (2048, 2048)\n"}
,{"stream_name":"stdout","time":34.34267693,"data":"[10:02:10] loaded 06_bottom (2048, 2048)\n"}
,{"stream_name":"stdout","time":56.041826042,"data":"[10:02:32] == depth-anything/Depth-Anything-V2-Large-hf\n"}
,{"stream_name":"stderr","time":56.270557275,"data":"Warning: You are sending unauthenticated requests to the HF Hub. Please set a HF_TOKEN to enable higher rate limits and faster downloads.\n"}
,{"stream_name":"stderr","time":175.555140545,"data":"\rLoading weights:   0%|          | 0/503 [00:00\u003c?, ?it/s]\rLoading weights:  50%|█████     | 252/503 [00:00\u003c00:00, 2516.48it/s]\rLoading weights: 100%|██████████| 503/503 [00:00\u003c00:00, 2528.75it/s]\n"}
,{"stream_name":"stdout","time":178.389057681,"data":"[10:04:34]    01_front (2048, 2048) range [0.692,285.904] 1.5s\n"}
,{"stream_name":"stdout","time":178.830180518,"data":"[10:04:35]    02_right (2048, 2048) range [13.995,244.574] 0.4s\n"}
,{"stream_name":"stdout","time":179.253745227,"data":"[10:04:35]    03_back (2048, 2048) range [-11.086,289.485] 0.4s\n"}
,{"stream_name":"stdout","time":179.675629091,"data":"[10:04:36]    04_left (2048, 2048) range [10.185,281.497] 0.4s\n"}
,{"stream_name":"stdout","time":180.099691634,"data":"[10:04:36]    05_top (2048, 2048) range [-30.565,485.966] 0.4s\n"}
,{"stream_name":"stdout","time":180.523725549,"data":"[10:04:37]    06_bottom (2048, 2048) range [7.181,467.270] 0.4s\n"}
,{"stream_name":"stdout","time":185.513639056,"data":"[10:04:42] == prs-eth/marigold-depth-v1-1  ensemble=5 steps=4 res=1024\n"}
,{"stream_name":"stderr","time":185.514566963,"data":"/usr/local/lib/python3.12/dist-packages/diffusers/utils/deprecation_utils.py:23: FutureWarning: `torch_dtype` is deprecated and will be removed in version 1.0.0. Please use `dtype` instead.\n"}
,{"stream_name":"stderr","time":185.514589434,"data":"  deprecate(\"torch_dtype\", \"1.0.0\", _TORCH_DTYPE_DEPRECATION_MESSAGE)\n"}
,{"stream_name":"stderr","time":323.501206861,"data":"\rFetching 12 files:   0%|          | 0/12 [00:00\u003c?, ?it/s]\rFetching 12 files:  25%|██▌       | 3/12 [00:00\u003c00:00, 23.27it/s]\rFetching 12 files:  67%|██████▋   | 8/12 [00:00\u003c00:00, 33.22it/s]\rFetching 12 files:  83%|████████▎ | 10/12 [00:10\u003c00:00, 33.22it/s]\rFetching 12 files:  92%|█████████▏| 11/12 [01:58\u003c00:14, 14.84s/it]\rFetching 12 files: 100%|██████████| 12/12 [02:17\u003c00:00, 15.51s/it]\rFetching 12 files: 100%|██████████| 12/12 [02:17\u003c00:00, 11.47s/it]\n"}
,{"stream_name":"stderr","time":324.909940537,"data":"\rLoading pipeline components...:   0%|          | 0/5 [00:00\u003c?, ?it/s]\rLoading pipeline components...:  20%|██        | 1/5 [00:01\u003c00:04,  1.11s/it]\rLoading pipeline components...:  80%|████████  | 4/5 [00:01\u003c00:00,  3.81it/s]\n"}
,{"stream_name":"stderr","time":325.01091378,"data":"\rLoading weights:   0%|          | 0/372 [00:00\u003c?, ?it/s]\u001b[A\n"}
,{"stream_name":"stderr","time":325.046444177,"data":"\rLoading weights:  73%|███████▎  | 273/372 [00:00\u003c00:00, 2717.86it/s]\u001b[A\rLoading weights: 100%|██████████| 372/372 [00:00\u003c00:00, 2737.86it/s]\n"}
,{"stream_name":"stderr","time":325.057617948,"data":"\rLoading pipeline components...: 100%|██████████| 5/5 [00:01\u003c00:00,  3.86it/s]\rLoading pipeline components...: 100%|██████████| 5/5 [00:01\u003c00:00,  3.22it/s]\n"}
,{"stream_name":"stdout","time":340.308494027,"data":"[10:07:16]    01_front (2048, 2048) range [0.000,0.984] 14.4s\n"}
,{"stream_name":"stdout","time":367.668381498,"data":"[10:07:44]    02_right (2048, 2048) range [0.005,0.940] 27.4s\n"}
,{"stream_name":"stdout","time":394.084749816,"data":"[10:08:10]    03_back (2048, 2048) range [0.000,0.983] 26.4s\n"}
,{"stream_name":"stdout","time":417.272737532,"data":"[10:08:33]    04_left (2048, 2048) range [0.002,0.976] 23.2s\n"}
,{"stream_name":"stdout","time":440.507873416,"data":"[10:08:57]    05_top (2048, 2048) range [0.000,0.968] 23.2s\n"}
,{"stream_name":"stdout","time":466.728261215,"data":"[10:09:23]    06_bottom (2048, 2048) range [0.001,0.952] 26.2s\n"}
,{"stream_name":"stdout","time":466.855804467,"data":"[10:09:23] == prs-eth/marigold-normals-v1-1  ensemble=5 steps=4 res=1024\n"}
,{"stream_name":"stderr","time":466.855986141,"data":"/usr/local/lib/python3.12/dist-packages/diffusers/utils/deprecation_utils.py:23: FutureWarning: `torch_dtype` is deprecated and will be removed in version 1.0.0. Please use `dtype` instead.\n"}
,{"stream_name":"stderr","time":466.856004313,"data":"  deprecate(\"torch_dtype\", \"1.0.0\", _TORCH_DTYPE_DEPRECATION_MESSAGE)\n"}
,{"stream_name":"stderr","time":489.494971012,"data":"\rFetching 12 files:   0%|          | 0/12 [00:00\u003c?, ?it/s]\rFetching 12 files:  17%|█▋        | 2/12 [00:00\u003c00:01,  8.03it/s]\rFetching 12 files:  75%|███████▌  | 9/12 [00:00\u003c00:00, 26.74it/s]\rFetching 12 files:  92%|█████████▏| 11/12 [00:18\u003c00:00, 26.74it/s]\rFetching 12 files: 100%|██████████| 12/12 [00:22\u003c00:00,  2.46s/it]\rFetching 12 files: 100%|██████████| 12/12 [00:22\u003c00:00,  1.84s/it]\n"}
,{"stream_name":"stderr","time":489.814089691,"data":"\rLoading pipeline components...:   0%|          | 0/5 [00:00\u003c?, ?it/s]\rLoading pipeline components...:  60%|██████    | 3/5 [00:00\u003c00:00, 28.26it/s]\n"}
,{"stream_name":"stderr","time":489.916225136,"data":"\rLoading weights:   0%|          | 0/372 [00:00\u003c?, ?it/s]\u001b[A\n"}
,{"stream_name":"stderr","time":489.955748086,"data":"\rLoading weights:  72%|███████▏  | 267/372 [00:00\u003c00:00, 2659.40it/s]\u001b[A\rLoading weights: 100%|██████████| 372/372 [00:00\u003c00:00, 2660.06it/s]\n"}
,{"stream_name":"stderr","time":489.964517659,"data":"\rLoading pipeline components...: 100%|██████████| 5/5 [00:00\u003c00:00, 10.69it/s]\n"}
,{"stream_name":"stdout","time":503.57759665,"data":"[10:10:00]    01_front (2048, 2048, 3) range [-0.933,1.000] 12.7s\n"}
,{"stream_name":"stdout","time":516.782875047,"data":"[10:10:13]    02_right (2048, 2048, 3) range [-0.845,1.000] 13.2s\n"}
,{"stream_name":"stdout","time":530.398572769,"data":"[10:10:26]    03_back (2048, 2048, 3) range [-0.891,1.000] 13.6s\n"}
,{"stream_name":"stdout","time":543.586502045,"data":"[10:10:40]    04_left (2048, 2048, 3) range [-0.843,1.000] 13.2s\n"}
,{"stream_name":"stdout","time":556.351135208,"data":"[10:10:52]    05_top (2048, 2048, 3) range [-0.876,1.000] 12.8s\n"}
,{"stream_name":"stdout","time":568.929113747,"data":"[10:11:05]    06_bottom (2048, 2048, 3) range [-0.722,1.000] 12.6s\n"}
,{"stream_name":"stdout","time":569.061226671,"data":"[10:11:05] models done: ['depth_anything_v2_large', 'marigold_depth_v1_1', 'marigold_normals_v1_1']\n"}
,{"stream_name":"stdout","time":569.061253369,"data":"[10:11:05] failures   : []\n"}
,{"stream_name":"stderr","time":574.545757567,"data":"/usr/local/lib/python3.12/dist-packages/mistune.py:435: SyntaxWarning: invalid escape sequence '\\|'\n"}
,{"stream_name":"stderr","time":574.545803015,"data":"  cells[i][c] = re.sub('\\\\\\\\\\|', '|', cell)\n"}
,{"stream_name":"stderr","time":574.80098195,"data":"/usr/local/lib/python3.12/dist-packages/nbconvert/filters/filter_links.py:36: SyntaxWarning: invalid escape sequence '\\_'\n"}
,{"stream_name":"stderr","time":574.801005358,"data":"  text = re.sub(r'_', '\\_', text) # Escape underscores in display text\n"}
,{"stream_name":"stderr","time":575.465418658,"data":"[NbConvertApp] Converting notebook __script__.ipynb to html\n"}
,{"stream_name":"stderr","time":576.778278668,"data":"[NbConvertApp] Writing 309154 bytes to __results__.html\n"}
]