[{"stream_name":"stdout","time":0.658777021,"data":"[install] da3: depth-anything-3 addict\n"}
,{"stream_name":"stdout","time":35.777868051,"data":"opencv-contrib-python 4.13.0.92 requires numpy\u003e=2; python_version \u003e= \"3.9\", but you have numpy 1.26.4 which is incompatible.\n"}
,{"stream_name":"stdout","time":35.777908674,"data":"shap 0.51.0 requires numpy\u003e=2, but you have numpy 1.26.4 which is incompatible.\n"}
,{"stream_name":"stdout","time":35.77807301,"data":"[install] vggt: git+https://github.com/facebookresearch/vggt.git\n"}
,{"stream_name":"stdout","time":53.356546845,"data":"[11:03:37] torch 2.10.0+cu128 cuda True\n"}
,{"stream_name":"stdout","time":53.397666121,"data":"[11:03:37] gpu: Tesla T4\n"}
,{"stream_name":"stdout","time":53.405568831,"data":"[11:03:37] input root: /kaggle/input/datasets/gk1212/lucy-m2-views\n"}
,{"stream_name":"stdout","time":53.416243987,"data":"[11:03:37] views (14): ['01_front', '02_right', '03_back', '04_left', '05_top', '06_bottom', '07_az45_up', '08_az135_up', '09_az225_up', '10_az315_up', '11_az45_dn', '12_az135_dn', '13_az225_dn', '14_az315_dn']\n"}
,{"stream_name":"stdout","time":53.473755564,"data":"[11:03:37] reference resolution 2048\n"}
,{"stream_name":"stdout","time":53.473797438,"data":"[11:03:37] -- skipping moge2\n"}
,{"stream_name":"stdout","time":59.222739796,"data":"[11:03:43] == facebook/VGGT-1B (all six views in one forward pass)\n"}
,{"stream_name":"stderr","time":59.468741846,"data":"Warning: You are sending unauthenticated requests to the HF Hub. Please set a HF_TOKEN to enable higher rate limits and faster downloads.\n"}
,{"stream_name":"stdout","time":136.964172414,"data":"[11:05:00]    batch (14, 3, 518, 518)\n"}
,{"stream_name":"stderr","time":143.364740722,"data":"/usr/local/lib/python3.12/dist-packages/vggt/models/vggt.py:65: FutureWarning: `torch.cuda.amp.autocast(args...)` is deprecated. Please use `torch.amp.autocast('cuda', args...)` instead.\n"}
,{"stream_name":"stderr","time":143.364785454,"data":"  with torch.cuda.amp.autocast(enabled=False):\n"}
,{"stream_name":"stdout","time":145.312644097,"data":"[11:05:09]    outputs: ['pose_enc', 'pose_enc_list', 'depth', 'depth_conf', 'world_points', 'world_points_conf', 'images']\n"}
,{"stream_name":"stdout","time":147.05647742,"data":"[11:05:11]    world points (14, 518, 518, 3) saved\n"}
,{"stream_name":"stdout","time":147.252870729,"data":"[11:05:11] == depth-anything/DA3-LARGE (multi-view)  package exposes: []\n"}
,{"stream_name":"stderr","time":147.550779234,"data":"/usr/local/lib/python3.12/dist-packages/moviepy/config_defaults.py:47: SyntaxWarning: invalid escape sequence '\\P'\n"}
,{"stream_name":"stderr","time":147.550822249,"data":"  IMAGEMAGICK_BINARY = r\"C:\\Program Files\\ImageMagick-6.8.8-Q16\\magick.exe\"\n"}
,{"stream_name":"stderr","time":147.644036311,"data":"/usr/local/lib/python3.12/dist-packages/moviepy/video/io/ffmpeg_reader.py:294: SyntaxWarning: invalid escape sequence '\\d'\n"}
,{"stream_name":"stderr","time":147.644061936,"data":"  lines_video = [l for l in lines if ' Video: ' in l and re.search('\\d+x\\d+', l)]\n"}
,{"stream_name":"stderr","time":147.644421787,"data":"/usr/local/lib/python3.12/dist-packages/moviepy/video/io/ffmpeg_reader.py:367: SyntaxWarning: invalid escape sequence '\\d'\n"}
,{"stream_name":"stderr","time":147.644433735,"data":"  rotation_lines = [l for l in lines if 'rotate          :' in l and re.search('\\d+$', l)]\n"}
,{"stream_name":"stderr","time":147.644438855,"data":"/usr/local/lib/python3.12/dist-packages/moviepy/video/io/ffmpeg_reader.py:370: SyntaxWarning: invalid escape sequence '\\d'\n"}
,{"stream_name":"stderr","time":147.644443608,"data":"  match = re.search('\\d+$', rotation_line)\n"}
,{"stream_name":"stderr","time":149.910496211,"data":"error: XDG_RUNTIME_DIR not set in the environment.\n"}
,{"stream_name":"stderr","time":149.959905422,"data":"ALSA lib confmisc.c:855:(parse_card) cannot find card '0'\n"}
,{"stream_name":"stderr","time":149.960393634,"data":"ALSA lib conf.c:5178:(_snd_config_evaluate) function snd_func_card_inum returned error: No such file or directory\n"}
,{"stream_name":"stderr","time":149.960408758,"data":"ALSA lib confmisc.c:422:(snd_func_concat) error evaluating strings\n"}
,{"stream_name":"stderr","time":149.960414157,"data":"ALSA lib conf.c:5178:(_snd_config_evaluate) function snd_func_concat returned error: No such file or directory\n"}
,{"stream_name":"stderr","time":149.960418959,"data":"ALSA lib confmisc.c:1334:(snd_func_refer) error evaluating name\n"}
,{"stream_name":"stderr","time":149.96042349,"data":"ALSA lib conf.c:5178:(_snd_config_evaluate) function snd_func_refer returned error: No such file or directory\n"}
,{"stream_name":"stderr","time":149.960427601,"data":"ALSA lib conf.c:5701:(snd_config_expand) Evaluate error: No such file or directory\n"}
,{"stream_name":"stderr","time":149.960431758,"data":"ALSA lib pcm.c:2664:(snd_pcm_open_noupdate) Unknown PCM default\n"}
,{"stream_name":"stderr","time":150.068354433,"data":"ALSA lib confmisc.c:855:(parse_card) cannot find card '0'\n"}
,{"stream_name":"stderr","time":150.068377383,"data":"ALSA lib conf.c:5178:(_snd_config_evaluate) function snd_func_card_inum returned error: No such file or directory\n"}
,{"stream_name":"stderr","time":150.068382362,"data":"ALSA lib confmisc.c:422:(snd_func_concat) error evaluating strings\n"}
,{"stream_name":"stderr","time":150.068385601,"data":"ALSA lib conf.c:5178:(_snd_config_evaluate) function snd_func_concat returned error: No such file or directory\n"}
,{"stream_name":"stderr","time":150.068388368,"data":"ALSA lib confmisc.c:1334:(snd_func_refer) error evaluating name\n"}
,{"stream_name":"stderr","time":150.068391104,"data":"ALSA lib conf.c:5178:(_snd_config_evaluate) function snd_func_refer returned error: No such file or directory\n"}
,{"stream_name":"stderr","time":150.06839443,"data":"ALSA lib conf.c:5701:(snd_config_expand) Evaluate error: No such file or directory\n"}
,{"stream_name":"stderr","time":150.068397056,"data":"ALSA lib pcm.c:2664:(snd_pcm_open_noupdate) Unknown PCM default\n"}
,{"stream_name":"stdout","time":150.245363066,"data":"\u001b[93m[WARN ] Dependency `gsplat` is required for rendering 3DGS. Install via: pip install git+https://github.com/nerfstudio-project/gsplat.git@0b4dddf04cb687367602c01196913cde6a743d70\u001b[0m\n"}
,{"stream_name":"stdout","time":152.142849757,"data":"\u001b[97m[INFO ] using MLP layer as FFN\u001b[0m\n"}
,{"stream_name":"stdout","time":196.140830687,"data":"\u001b[97m[INFO ] Processed Images Done taking 0.3612325191497803 seconds. Shape:  torch.Size([14, 3, 504, 504])\u001b[0m\n"}
,{"stream_name":"stdout","time":196.35903367,"data":"\u001b[97m[INFO ] Selecting reference view using strategy: saddle_balanced\u001b[0m\n"}
,{"stream_name":"stdout","time":198.847410083,"data":"[11:06:02] !! da3 FAILED\n"}
,{"stream_name":"stderr","time":198.848254878,"data":"Traceback (most recent call last):\n"}
,{"stream_name":"stderr","time":198.848851913,"data":"  File \"/kaggle/src/script.py\", line 244, in main\n"}
,{"stream_name":"stderr","time":198.848864998,"data":"    fn()\n"}
,{"stream_name":"stderr","time":198.848871093,"data":"  File \"/kaggle/src/script.py\", line 238, in \u003clambda\u003e\n"}
,{"stream_name":"stderr","time":198.848877747,"data":"    (\"da3\", lambda: run_da3(paths, size, device)))\n"}
,{"stream_name":"stderr","time":198.848883459,"data":"                    ^^^^^^^^^^^^^^^^^^^^^^^^^^^^\n"}
,{"stream_name":"stderr","time":198.848888773,"data":"  File \"/kaggle/src/script.py\", line 193, in run_da3\n"}
,{"stream_name":"stderr","time":198.848906629,"data":"    pred = model.inference(imgs)\n"}
,{"stream_name":"stderr","time":198.848911521,"data":"           ^^^^^^^^^^^^^^^^^^^^^\n"}
,{"stream_name":"stderr","time":198.848915942,"data":"  File \"/usr/local/lib/python3.12/dist-packages/depth_anything_3/api.py\", line 209, in inference\n"}
,{"stream_name":"stderr","time":198.848919881,"data":"    raw_output = self._run_model_forward(\n"}
,{"stream_name":"stderr","time":198.848924376,"data":"                 ^^^^^^^^^^^^^^^^^^^^^^^^\n"}
,{"stream_name":"stderr","time":198.848928974,"data":"  File \"/usr/local/lib/python3.12/dist-packages/depth_anything_3/api.py\", line 384, in _run_model_forward\n"}
,{"stream_name":"stderr","time":198.848933205,"data":"    output = self.forward(imgs, ex_t, in_t, feat_layers, infer_gs, use_ray_pose, ref_view_strategy)\n"}
,{"stream_name":"stderr","time":198.848937049,"data":"             ^^^^^^^^^^^^^^^^^^^^^^^^^^^^^^^^^^^^^^^^^^^^^^^^^^^^^^^^^^^^^^^^^^^^^^^^^^^^^^^^^^^^^^\n"}
,{"stream_name":"stderr","time":198.848941571,"data":"  File \"/usr/local/lib/python3.12/dist-packages/torch/utils/_contextlib.py\", line 124, in decorate_context\n"}
,{"stream_name":"stderr","time":198.848946167,"data":"    return func(*args, **kwargs)\n"}
,{"stream_name":"stderr","time":198.848950332,"data":"           ^^^^^^^^^^^^^^^^^^^^^\n"}
,{"stream_name":"stderr","time":198.848954434,"data":"  File \"/usr/local/lib/python3.12/dist-packages/depth_anything_3/api.py\", line 129, in forward\n"}
,{"stream_name":"stderr","time":198.848959407,"data":"    return self.model(\n"}
,{"stream_name":"stderr","time":198.848963957,"data":"           ^^^^^^^^^^^\n"}
,{"stream_name":"stderr","time":198.848968259,"data":"  File \"/usr/local/lib/python3.12/dist-packages/torch/nn/modules/module.py\", line 1776, in _wrapped_call_impl\n"}
,{"stream_name":"stderr","time":198.848972981,"data":"    return self._call_impl(*args, **kwargs)\n"}
,{"stream_name":"stderr","time":198.848976673,"data":"           ^^^^^^^^^^^^^^^^^^^^^^^^^^^^^^^^\n"}
,{"stream_name":"stderr","time":198.848980338,"data":"  File \"/usr/local/lib/python3.12/dist-packages/torch/nn/modules/module.py\", line 1787, in _call_impl\n"}
,{"stream_name":"stderr","time":198.848984226,"data":"    return forward_call(*args, **kwargs)\n"}
,{"stream_name":"stderr","time":198.848987829,"data":"           ^^^^^^^^^^^^^^^^^^^^^^^^^^^^^\n"}
,{"stream_name":"stderr","time":198.84899144,"data":"  File \"/usr/local/lib/python3.12/dist-packages/depth_anything_3/model/da3.py\", line 132, in forward\n"}
,{"stream_name":"stderr","time":198.848995511,"data":"    feats, aux_feats = self.backbone(\n"}
,{"stream_name":"stderr","time":198.849004354,"data":"                       ^^^^^^^^^^^^^^\n"}
,{"stream_name":"stderr","time":198.849007433,"data":"  File \"/usr/local/lib/python3.12/dist-packages/torch/nn/modules/module.py\", line 1776, in _wrapped_call_impl\n"}
,{"stream_name":"stderr","time":198.849009964,"data":"    return self._call_impl(*args, **kwargs)\n"}
,{"stream_name":"stderr","time":198.849012431,"data":"           ^^^^^^^^^^^^^^^^^^^^^^^^^^^^^^^^\n"}
,{"stream_name":"stderr","time":198.84901483,"data":"  File \"/usr/local/lib/python3.12/dist-packages/torch/nn/modules/module.py\", line 1787, in _call_impl\n"}
,{"stream_name":"stderr","time":198.849017413,"data":"    return forward_call(*args, **kwargs)\n"}
,{"stream_name":"stderr","time":198.849020426,"data":"           ^^^^^^^^^^^^^^^^^^^^^^^^^^^^^\n"}
,{"stream_name":"stderr","time":198.84902286,"data":"  File \"/usr/local/lib/python3.12/dist-packages/depth_anything_3/model/dinov2/dinov2.py\", line 60, in forward\n"}
,{"stream_name":"stderr","time":198.849029127,"data":"    return self.pretrained.get_intermediate_layers(\n"}
,{"stream_name":"stderr","time":198.849031792,"data":"           ^^^^^^^^^^^^^^^^^^^^^^^^^^^^^^^^^^^^^^^^\n"}
,{"stream_name":"stderr","time":198.849034668,"data":"  File \"/usr/local/lib/python3.12/dist-packages/depth_anything_3/model/dinov2/vision_transformer.py\", line 379, in get_intermediate_layers\n"}
,{"stream_name":"stderr","time":198.849037466,"data":"    outputs, aux_outputs = self._get_intermediate_layers_not_chunked(\n"}
,{"stream_name":"stderr","time":198.849039948,"data":"                           ^^^^^^^^^^^^^^^^^^^^^^^^^^^^^^^^^^^^^^^^^^\n"}
,{"stream_name":"stderr","time":198.849042382,"data":"  File \"/usr/local/lib/python3.12/dist-packages/depth_anything_3/model/dinov2/vision_transformer.py\", line 334, in _get_intermediate_layers_not_chunked\n"}
,{"stream_name":"stderr","time":198.849045086,"data":"    x = self.process_attention(\n"}
,{"stream_name":"stderr","time":198.849047466,"data":"        ^^^^^^^^^^^^^^^^^^^^^^^\n"}
,{"stream_name":"stderr","time":198.849049848,"data":"  File \"/usr/local/lib/python3.12/dist-packages/depth_anything_3/model/dinov2/vision_transformer.py\", line 364, in process_attention\n"}
,{"stream_name":"stderr","time":198.849052418,"data":"    x = block(x, pos=pos, attn_mask=attn_mask)\n"}
,{"stream_name":"stderr","time":198.849054816,"data":"        ^^^^^^^^^^^^^^^^^^^^^^^^^^^^^^^^^^^^^^\n"}
,{"stream_name":"stderr","time":198.849057218,"data":"  File \"/usr/local/lib/python3.12/dist-packages/torch/nn/modules/module.py\", line 1776, in _wrapped_call_impl\n"}
,{"stream_name":"stderr","time":198.849059786,"data":"    return self._call_impl(*args, **kwargs)\n"}
,{"stream_name":"stderr","time":198.849062189,"data":"           ^^^^^^^^^^^^^^^^^^^^^^^^^^^^^^^^\n"}
,{"stream_name":"stderr","time":198.849064589,"data":"  File \"/usr/local/lib/python3.12/dist-packages/torch/nn/modules/module.py\", line 1787, in _call_impl\n"}
,{"stream_name":"stderr","time":198.849067187,"data":"    return forward_call(*args, **kwargs)\n"}
,{"stream_name":"stderr","time":198.849069578,"data":"           ^^^^^^^^^^^^^^^^^^^^^^^^^^^^^\n"}
,{"stream_name":"stderr","time":198.849071984,"data":"  File \"/usr/local/lib/python3.12/dist-packages/depth_anything_3/model/dinov2/layers/block.py\", line 101, in forward\n"}
,{"stream_name":"stderr","time":198.849074529,"data":"    x = x + attn_residual_func(x, pos=pos, attn_mask=attn_mask)\n"}
,{"stream_name":"stderr","time":198.84907696,"data":"            ^^^^^^^^^^^^^^^^^^^^^^^^^^^^^^^^^^^^^^^^^^^^^^^^^^^\n"}
,{"stream_name":"stderr","time":198.849079399,"data":"  File \"/usr/local/lib/python3.12/dist-packages/depth_anything_3/model/dinov2/layers/block.py\", line 79, in attn_residual_func\n"}
,{"stream_name":"stderr","time":198.849081992,"data":"    return self.ls1(self.attn(self.norm1(x), pos=pos, attn_mask=attn_mask))\n"}
,{"stream_name":"stderr","time":198.849084472,"data":"                    ^^^^^^^^^^^^^^^^^^^^^^^^^^^^^^^^^^^^^^^^^^^^^^^^^^^^^^\n"}
,{"stream_name":"stderr","time":198.849087046,"data":"  File \"/usr/local/lib/python3.12/dist-packages/torch/nn/modules/module.py\", line 1776, in _wrapped_call_impl\n"}
,{"stream_name":"stderr","time":198.849089828,"data":"    return self._call_impl(*args, **kwargs)\n"}
,{"stream_name":"stderr","time":198.849092627,"data":"           ^^^^^^^^^^^^^^^^^^^^^^^^^^^^^^^^\n"}
,{"stream_name":"stderr","time":198.849095058,"data":"  File \"/usr/local/lib/python3.12/dist-packages/torch/nn/modules/module.py\", line 1787, in _call_impl\n"}
,{"stream_name":"stderr","time":198.849097692,"data":"    return forward_call(*args, **kwargs)\n"}
,{"stream_name":"stderr","time":198.84910008,"data":"           ^^^^^^^^^^^^^^^^^^^^^^^^^^^^^\n"}
,{"stream_name":"stderr","time":198.84910471,"data":"  File \"/usr/local/lib/python3.12/dist-packages/depth_anything_3/model/dinov2/layers/attention.py\", line 60, in forward\n"}
,{"stream_name":"stderr","time":198.849107504,"data":"    x = F.scaled_dot_product_attention(\n"}
,{"stream_name":"stderr","time":198.849110032,"data":"        ^^^^^^^^^^^^^^^^^^^^^^^^^^^^^^^\n"}
,{"stream_name":"stderr","time":198.849324159,"data":"torch.OutOfMemoryError: CUDA out of memory. Tried to allocate 19.65 GiB. GPU 0 has a total capacity of 14.56 GiB of which 11.67 GiB is free. Including non-PyTorch memory, this process has 2.88 GiB memory in use. Of the allocated memory 2.60 GiB is allocated by PyTorch, and 155.88 MiB is reserved by PyTorch but unallocated. If reserved but unallocated memory is large try setting PYTORCH_ALLOC_CONF=expandable_segments:True to avoid fragmentation.  See documentation for Memory Management  (https://pytorch.org/docs/stable/notes/cuda.html#environment-variables)\n"}
,{"stream_name":"stdout","time":198.851485077,"data":"[11:06:02] done: ['vggt_1b_depth'] | failed: ['da3']\n"}
,{"stream_name":"stderr","time":204.029991144,"data":"/usr/local/lib/python3.12/dist-packages/mistune.py:435: SyntaxWarning: invalid escape sequence '\\|'\n"}
,{"stream_name":"stderr","time":204.030021718,"data":"  cells[i][c] = re.sub('\\\\\\\\\\|', '|', cell)\n"}
,{"stream_name":"stderr","time":204.225590893,"data":"/usr/local/lib/python3.12/dist-packages/nbconvert/filters/filter_links.py:36: SyntaxWarning: invalid escape sequence '\\_'\n"}
,{"stream_name":"stderr","time":204.225618305,"data":"  text = re.sub(r'_', '\\_', text) # Escape underscores in display text\n"}
,{"stream_name":"stderr","time":204.871063638,"data":"[NbConvertApp] Converting notebook __script__.ipynb to html\n"}
,{"stream_name":"stderr","time":205.68398135,"data":"[NbConvertApp] Writing 330299 bytes to __results__.html\n"}
]